→ [infra] Host ports: postgres=20735 redis=20736 qstash=20737
→ [infra] Starting postgres + redis + qstash (waiting for healthchecks)...
 Container agentsfleet-m192-dragonfly-migration-qstash-1 Running 
 Container agentsfleet-m192-dragonfly-migration-postgres-1 Running 
 Container agentsfleet-m192-dragonfly-migration-redis-1 Running 
 Container agentsfleet-m192-dragonfly-migration-qstash-1 Waiting 
 Container agentsfleet-m192-dragonfly-migration-postgres-1 Waiting 
 Container agentsfleet-m192-dragonfly-migration-redis-1 Waiting 
 Container agentsfleet-m192-dragonfly-migration-qstash-1 Healthy 
 Container agentsfleet-m192-dragonfly-migration-postgres-1 Healthy 
 Container agentsfleet-m192-dragonfly-migration-redis-1 Healthy 
→ [infra] Extracting Redis TLS CA cert...
 agentsfleet-m192-dragonfly-migration-redis-1 Copying agentsfleet-m192-dragonfly-migration-redis-1:/tls/ca.crt to /private/tmp/agentsfleet-m192-dragonfly-migration/.tmp/redis-ca.crt
 agentsfleet-m192-dragonfly-migration-redis-1 Copied agentsfleet-m192-dragonfly-migration-redis-1:/tls/ca.crt to /private/tmp/agentsfleet-m192-dragonfly-migration/.tmp/redis-ca.crt
 agentsfleet-m192-dragonfly-migration-redis-1 Copying agentsfleet-m192-dragonfly-migration-redis-1:/tls/foreign-ca.crt to /private/tmp/agentsfleet-m192-dragonfly-migration/.tmp/redis-foreign-ca.crt
 agentsfleet-m192-dragonfly-migration-redis-1 Copied agentsfleet-m192-dragonfly-migration-redis-1:/tls/foreign-ca.crt to /private/tmp/agentsfleet-m192-dragonfly-migration/.tmp/redis-foreign-ca.crt
✓ [infra] postgres + redis ready; Redis CA cert at /private/tmp/agentsfleet-m192-dragonfly-migration/.tmp/redis-ca.crt
→ [bench-outbound] profile=rig
run_prefix=bench-1789170010350-54917
wrote bench/results/outbound.rig.json
